<html>
<body>
<pre>
<h1>µVision Build Log</h1>
<h2>Tool Versions:</h2>
IDE-Version: ¦ÌVision V5.41.0.0
Copyright (C) 2024 ARM Ltd and ARM Germany GmbH. All rights reserved.
License Information: 11 Admin1, 11, LIC=YA39H-W3585-631MB-2Y35H-ATN5F-M33ID
 
Tool Versions:
Toolchain:       MDK-ARM Plus  Version: 5.41.0.0
Toolchain Path:  E:\SOFTWARE_PACKAGE_INSTALLING\Keil_v5\ARM\ARMCLANG\Bin
C Compiler:      ArmClang.exe V6.22
Assembler:       Armasm.exe V6.22
Linker/Locator:  ArmLink.exe V6.22
Library Manager: ArmAr.exe V6.22
Hex Converter:   FromElf.exe V6.22
CPU DLL:         SARMCM3.DLL V5.41.0.0
Dialog DLL:      DCM.DLL V1.17.5.0
Target DLL:      Segger\JL2CM3.dll V2.99.45.0
Dialog DLL:      TCM.DLL V1.56.4.0
 
<h2>Project:</h2>
D:\FSAE_CHD\BMS\can-bootloader\Stm32F407_CAN2_Bootloader\MDK-ARM\Stm32F407_CAN2_Bootloader.uvprojx
Project File Date:  08/15/2026

<h2>Output:</h2>
*** Using Compiler 'V6.22', folder: 'E:\SOFTWARE_PACKAGE_INSTALLING\Keil_v5\ARM\ARMCLANG\Bin'
Rebuild target 'Stm32F407_CAN2_Bootloader'
compiling gpio.c...
compiling main.c...
compiling stm32f4xx_hal_pwr_ex.c...
compiling rtc.c...
compiling stm32f4xx_hal_msp.c...
compiling stm32f4xx_hal_flash_ramfunc.c...
compiling bl_flash.c...
compiling stm32f4xx_hal_dma_ex.c...
compiling stm32f4xx_hal.c...
compiling stm32f4xx_hal_flash.c...
compiling stm32f4xx_hal_cortex.c...
compiling stm32f4xx_hal_can.c...
compiling stm32f4xx_hal_dma.c...
compiling can.c...
compiling stm32f4xx_hal_rcc.c...
assembling startup_stm32f407xx.s...
compiling stm32f4xx_hal_flash_ex.c...
compiling bl_crc.c...
compiling bl_request.c...
compiling stm32f4xx_hal_exti.c...
compiling stm32f4xx_hal_rtc.c...
compiling stm32f4xx_it.c...
compiling bl_app_jump.c...
compiling usart.c...
compiling system_stm32f4xx.c...
compiling stm32f4xx_hal_gpio.c...
compiling stm32f4xx_hal_pwr.c...
compiling stm32f4xx_hal_rcc_ex.c...
compiling bl_rtc.c...
compiling bl_can_hw_f407.c...
compiling bl_can.c...
compiling stm32f4xx_hal_rtc_ex.c...
compiling stm32f4xx_hal_uart.c...
linking...
Program Size: Code=13314 RO-data=450 RW-data=52 ZI-data=1500  
FromELF: creating hex file...
"Stm32F407_CAN2_Bootloader\Stm32F407_CAN2_Bootloader.axf" - 0 Error(s), 0 Warning(s).

<h2>Software Packages used:</h2>

Package Vendor: ARM
                https://www.keil.com/pack/ARM.CMSIS.6.2.0.pack
                ARM::CMSIS@6.2.0
                CMSIS (Common Microcontroller Software Interface Standard)
   * Component: CORE Version: 6.1.1

Package Vendor: Keil
                https://www.keil.com/pack/Keil.STM32F4xx_DFP.3.1.0.pack
                Keil::STM32F4xx_DFP@3.1.0
                STMicroelectronics STM32F4 Series Device Support

<h2>Collection of Component include folders:</h2>
  ./RTE/_Stm32F407_CAN2_Bootloader
  E:/SOFTWARE_PACKAGE_INSTALLING/Keil_v5/Packs/ARM/CMSIS/6.2.0/CMSIS/Core/Include

<h2>Collection of Component Files used:</h2>

   * Component: ARM::CMSIS:CORE@6.1.1
      Include file:  CMSIS/Core/Include/tz_context.h
Build Time Elapsed:  00:00:03
</pre>
</body>
</html>
